Archive member included to satisfy reference by file (symbol)

/mnt/hgfs/P/LPCXpresso/workspace/lpc_chip_8xx/Debug/liblpc_chip_8xx.a(chip_8xx.o)
                              ./src/TemperatureMonitoring.o (SystemCoreClockUpdate)
/mnt/hgfs/P/LPCXpresso/workspace/lpc_chip_8xx/Debug/liblpc_chip_8xx.a(clock_8xx.o)
                              /mnt/hgfs/P/LPCXpresso/workspace/lpc_chip_8xx/Debug/liblpc_chip_8xx.a(chip_8xx.o) (Chip_Clock_GetSystemClockRate)
/mnt/hgfs/P/LPCXpresso/workspace/lpc_chip_8xx/Debug/liblpc_chip_8xx.a(sysinit_8xx.o)
                              ./src/sysinit.o (Chip_SystemInit)
/mnt/hgfs/P/LPCXpresso/workspace/lpc_chip_8xx/Debug/liblpc_chip_8xx.a(irc_8xx.o)
                              /mnt/hgfs/P/LPCXpresso/workspace/lpc_chip_8xx/Debug/liblpc_chip_8xx.a(sysinit_8xx.o) (Chip_IRC_SetFreq)
/mnt/hgfs/P/LPCXpresso/workspace/lpc_chip_8xx/Debug/liblpc_chip_8xx.a(syscon_8xx.o)
                              /mnt/hgfs/P/LPCXpresso/workspace/lpc_chip_8xx/Debug/liblpc_chip_8xx.a(sysinit_8xx.o) (Chip_SYSCTL_PowerDown)
/usr/local/lpcxpresso_8.2.2_650/lpcxpresso/tools/bin/../lib/gcc/arm-none-eabi/5.4.1/armv6-m/libgcc.a(_udivsi3.o)
                              /mnt/hgfs/P/LPCXpresso/workspace/lpc_chip_8xx/Debug/liblpc_chip_8xx.a(clock_8xx.o) (__aeabi_uidiv)
/usr/local/lpcxpresso_8.2.2_650/lpcxpresso/tools/bin/../lib/gcc/arm-none-eabi/5.4.1/armv6-m/libgcc.a(_dvmd_tls.o)
                              /usr/local/lpcxpresso_8.2.2_650/lpcxpresso/tools/bin/../lib/gcc/arm-none-eabi/5.4.1/armv6-m/libgcc.a(_udivsi3.o) (__aeabi_idiv0)
/usr/local/lpcxpresso_8.2.2_650/lpcxpresso/tools/bin/../lib/gcc/arm-none-eabi/5.4.1/armv6-m/libgcc.a(_aeabi_uldivmod.o)
                              /mnt/hgfs/P/LPCXpresso/workspace/lpc_chip_8xx/Debug/liblpc_chip_8xx.a(clock_8xx.o) (__aeabi_uldivmod)
/usr/local/lpcxpresso_8.2.2_650/lpcxpresso/tools/bin/../lib/gcc/arm-none-eabi/5.4.1/armv6-m/libgcc.a(_udivmoddi4.o)
                              /usr/local/lpcxpresso_8.2.2_650/lpcxpresso/tools/bin/../lib/gcc/arm-none-eabi/5.4.1/armv6-m/libgcc.a(_aeabi_uldivmod.o) (__udivmoddi4)
/usr/local/lpcxpresso_8.2.2_650/lpcxpresso/tools/bin/../lib/gcc/arm-none-eabi/5.4.1/armv6-m/libgcc.a(_clzdi2.o)
                              /usr/local/lpcxpresso_8.2.2_650/lpcxpresso/tools/bin/../lib/gcc/arm-none-eabi/5.4.1/armv6-m/libgcc.a(_udivmoddi4.o) (__clzdi2)
/usr/local/lpcxpresso_8.2.2_650/lpcxpresso/tools/bin/../lib/gcc/arm-none-eabi/5.4.1/armv6-m/libgcc.a(_clzsi2.o)
                              /usr/local/lpcxpresso_8.2.2_650/lpcxpresso/tools/bin/../lib/gcc/arm-none-eabi/5.4.1/armv6-m/libgcc.a(_clzdi2.o) (__clzsi2)
/usr/local/lpcxpresso_8.2.2_650/lpcxpresso/tools/bin/../lib/gcc/arm-none-eabi/5.4.1/../../../../arm-none-eabi/lib/armv6-m/libc.a(lib_a-init.o)
                              ./src/cr_startup_lpc8xx.o (__libc_init_array)
/usr/local/lpcxpresso_8.2.2_650/lpcxpresso/tools/bin/../lib/gcc/arm-none-eabi/5.4.1/../../../../arm-none-eabi/lib/armv6-m/libc.a(lib_a-malloc.o)
                              ./src/cr_cpp_config.o (malloc)
/usr/local/lpcxpresso_8.2.2_650/lpcxpresso/tools/bin/../lib/gcc/arm-none-eabi/5.4.1/../../../../arm-none-eabi/lib/armv6-m/libc.a(lib_a-mallocr.o)
                              /usr/local/lpcxpresso_8.2.2_650/lpcxpresso/tools/bin/../lib/gcc/arm-none-eabi/5.4.1/../../../../arm-none-eabi/lib/armv6-m/libc.a(lib_a-malloc.o) (_malloc_r)
/usr/local/lpcxpresso_8.2.2_650/lpcxpresso/tools/bin/../lib/gcc/arm-none-eabi/5.4.1/../../../../arm-none-eabi/lib/armv6-m/libc.a(lib_a-mlock.o)
                              /usr/local/lpcxpresso_8.2.2_650/lpcxpresso/tools/bin/../lib/gcc/arm-none-eabi/5.4.1/../../../../arm-none-eabi/lib/armv6-m/libc.a(lib_a-mallocr.o) (__malloc_lock)
/usr/local/lpcxpresso_8.2.2_650/lpcxpresso/tools/bin/../lib/gcc/arm-none-eabi/5.4.1/../../../../arm-none-eabi/lib/armv6-m/libc.a(lib_a-sbrkr.o)
                              /usr/local/lpcxpresso_8.2.2_650/lpcxpresso/tools/bin/../lib/gcc/arm-none-eabi/5.4.1/../../../../arm-none-eabi/lib/armv6-m/libc.a(lib_a-mallocr.o) (_sbrk_r)
/usr/local/lpcxpresso_8.2.2_650/lpcxpresso/tools/bin/../lib/gcc/arm-none-eabi/5.4.1/../../../../arm-none-eabi/lib/armv6-m/libc.a(lib_a-freer.o)
                              /usr/local/lpcxpresso_8.2.2_650/lpcxpresso/tools/bin/../lib/gcc/arm-none-eabi/5.4.1/../../../../arm-none-eabi/lib/armv6-m/libc.a(lib_a-malloc.o) (_free_r)
/usr/local/lpcxpresso_8.2.2_650/lpcxpresso/tools/bin/../lib/gcc/arm-none-eabi/5.4.1/../../../../arm-none-eabi/lib/armv6-m/libc.a(lib_a-impure.o)
                              /usr/local/lpcxpresso_8.2.2_650/lpcxpresso/tools/bin/../lib/gcc/arm-none-eabi/5.4.1/../../../../arm-none-eabi/lib/armv6-m/libc.a(lib_a-malloc.o) (_impure_ptr)
/usr/local/lpcxpresso_8.2.2_650/lpcxpresso/tools/bin/../lib/gcc/arm-none-eabi/5.4.1/../../../../arm-none-eabi/lib/armv6-m/libc.a(lib_a-reent.o)
[...]
Memory Configuration

Name             Origin             Length             Attributes
MFlash16         0x00000000         0x00004000         xr
RamLoc4          0x10000000         0x00001000         xrw
*default*        0x00000000         0xffffffff

Linker script and memory map

LOAD ./src/TemperatureMonitoring.o
LOAD ./src/cr_cpp_config.o
LOAD ./src/cr_startup_lpc8xx.o
LOAD ./src/crp.o
LOAD ./src/delay.o
LOAD ./src/display.o
LOAD ./src/i2c.o
LOAD ./src/mtb.o
LOAD ./src/swm.o
LOAD ./src/sysinit.o
LOAD ./src/tm.o
LOAD /mnt/hgfs/P/LPCXpresso/workspace/lpc_chip_8xx/Debug/liblpc_chip_8xx.a
LOAD /mnt/hgfs/P/LPCXpresso/workspace/CMSIS_DSPLIB_CM0/lib/libCMSIS_DSPLIB_CM0.a
START GROUP
LOAD /usr/local/lpcxpresso_8.2.2_650/lpcxpresso/tools/bin/../lib/gcc/arm-none-eabi/5.4.1/armv6-m/libgcc.a
LOAD /usr/local/lpcxpresso_8.2.2_650/lpcxpresso/tools/bin/../lib/gcc/arm-none-eabi/5.4.1/../../../../arm-none-eabi/lib/armv6-m/libc.a
LOAD /usr/local/lpcxpresso_8.2.2_650/lpcxpresso/tools/bin/../lib/gcc/arm-none-eabi/5.4.1/../../../../arm-none-eabi/lib/armv6-m/libstdc++.a
LOAD /usr/local/lpcxpresso_8.2.2_650/lpcxpresso/tools/bin/../lib/gcc/arm-none-eabi/5.4.1/../../../../arm-none-eabi/lib/armv6-m/libm.a
LOAD /usr/local/lpcxpresso_8.2.2_650/lpcxpresso/tools/bin/../lib/gcc/arm-none-eabi/5.4.1/../../../../arm-none-eabi/lib/armv6-m/libcr_newlib_nohost.a
LOAD /usr/local/lpcxpresso_8.2.2_650/lpcxpresso/tools/bin/../lib/gcc/arm-none-eabi/5.4.1/armv6-m/crti.o
LOAD /usr/local/lpcxpresso_8.2.2_650/lpcxpresso/tools/bin/../lib/gcc/arm-none-eabi/5.4.1/armv6-m/crtn.o
LOAD /usr/local/lpcxpresso_8.2.2_650/lpcxpresso/tools/bin/../lib/gcc/arm-none-eabi/5.4.1/armv6-m/crtbegin.o
LOAD /usr/local/lpcxpresso_8.2.2_650/lpcxpresso/tools/bin/../lib/gcc/arm-none-eabi/5.4.1/armv6-m/crtend.o
END GROUP
                0x00000000                __base_MFlash16 = 0x0
                0x00000000                __base_Flash = 0x0
                0x00004000                __top_MFlash16 = 0x4000
                0x00004000                __top_Flash = 0x4000
                0x10000000                __base_RamLoc4 = 0x10000000
                0x10000000                __base_RAM = 0x10000000
                0x10001000                __top_RamLoc4 = 0x10001000
                0x10001000                __top_RAM = 0x10001000

.text           0x00000000     0x11dc
 FILL mask 0xff
                0x00000000                __vectors_start__ = ABSOLUTE (.)
 *(.isr_vector)
 .isr_vector    0x00000000       0xc0 ./src/cr_startup_lpc8xx.o
                0x00000000                g_pfnVectors
                0x000000c0                . = ALIGN (0x4)
                0x000000c0                __section_table_start = .
                0x000000c0                __data_section_table = .
                0x000000c0        0x4 LONG 0x11dc LOADADDR (.data)
                0x000000c4        0x4 LONG 0x10000100 ADDR (.data)
                0x000000c8        0x4 LONG 0x10 SIZEOF (.data)
                0x000000cc                __data_section_table_end = .
                0x000000cc                __bss_section_table = .
                0x000000cc        0x4 LONG 0x10000110 ADDR (.bss)
                0x000000d0        0x4 LONG 0x24 SIZEOF (.bss)
                0x000000d4                __bss_section_table_end = .
                0x000000d4                __section_table_end = .
 *(.after_vectors*)
 .after_vectors
                0x000000d4      0x128 ./src/cr_startup_lpc8xx.o
                0x000000d4                data_init(unsigned int, unsigned int, unsigned int)
                0x00000114                bss_init(unsigned int, unsigned int)
                0x00000148                ResetISR
                0x000001cc                NMI_Handler
                0x000001d4                HardFault_Handler
                0x000001dc                SVC_Handler
                0x000001e4                PendSV_Handler
                0x000001ec                SysTick_Handler
                0x000001f4                CMP_IRQHandler
                0x000001f4                PININT7_IRQHandler
                0x000001f4                WKT_IRQHandler
                0x000001f4                PININT2_IRQHandler
                0x000001f4                PININT1_IRQHandler
                0x000001f4                MRT_IRQHandler
                0x000001f4                UART1_IRQHandler
                0x000001f4                UART0_IRQHandler
                0x000001f4                SPI1_IRQHandler
                0x000001f4                IntDefaultHandler
                0x000001f4                PININT3_IRQHandler
                0x000001f4                UART2_IRQHandler
                0x000001f4                PININT5_IRQHandler
                0x000001f4                PININT4_IRQHandler
                0x000001f4                PININT0_IRQHandler
                0x000001f4                BOD_IRQHandler
                0x000001f4                SCT_IRQHandler
                0x000001f4                I2C_IRQHandler
                0x000001f4                WDT_IRQHandler
                0x000001f4                PININT6_IRQHandler
                0x000001f4                SPI0_IRQHandler
                0x000002fc                . = 0x2fc
 *fill*         0x000001fc      0x100 ff
                0x000002fc                PROVIDE (__CRP_WORD_START__, .)
 *(.crp)
 .crp           0x000002fc        0x4 ./src/crp.o
                0x000002fc                CRP_WORD
                0x00000300                PROVIDE (__CRP_WORD_END__, .)
                0x00000001                ASSERT (! ((__CRP_WORD_START__ == __CRP_WORD_END__)), Linker CRP Enabled, but no CRP_WORD provided within application)
 *(.text*)
 .text.main     0x00000300       0x6c ./src/TemperatureMonitoring.o
                0x00000300                main
 .text._ZL12disp_set_alli
                0x0000036c       0x6c ./src/display.o
 .text.disp_reset
                0x000003d8       0x24 ./src/display.o
                0x000003d8                disp_reset
 .text.disp_on  0x000003fc       0xa4 ./src/display.o
                0x000003fc                disp_on
 .text._ZL19rotate_message_leftv
                0x000004a0       0x48 ./src/display.o
 .text.disp_show_message
                0x000004e8       0x78 ./src/display.o
                0x000004e8                disp_show_message
 .text.i2c_reset
                0x00000560       0x4c ./src/i2c.o
                0x00000560                i2c_reset
 .text.i2c_pending_status
                0x000005ac       0x18 ./src/i2c.o
 .text.i2c_write_p
                0x000005c4       0xc8 ./src/i2c.o
 .text.i2c_write
                0x0000068c       0x54 ./src/i2c.o
                0x0000068c                i2c_write
 .text.swm_config_i2c
                0x000006e0       0x68 ./src/swm.o
                0x000006e0                swm_config_i2c
 .text.SystemInit
                0x00000748       0x10 ./src/sysinit.o
                0x00000748                SystemInit
 .text._Z13tm_reset_datav
                0x00000758        0xc ./src/tm.o
                0x00000758                tm_reset_data()
 .text._Z16tm_handle_sensorv
                0x00000764       0x10 ./src/tm.o
                0x00000764                tm_handle_sensor()
 .text._Z12tm_get_trendv
                0x00000774        0xc ./src/tm.o
                0x00000774                tm_get_trend()
 .text.SystemCoreClockUpdate
                0x00000780       0x18 /mnt/hgfs/P/LPCXpresso/workspace/lpc_chip_8xx/Debug/liblpc_chip_8xx.a(chip_8xx.o)
                0x00000780                SystemCoreClockUpdate
 .text.Chip_Clock_GetMainOscRate
                0x00000798       0x14 /mnt/hgfs/P/LPCXpresso/workspace/lpc_chip_8xx/Debug/liblpc_chip_8xx.a(clock_8xx.o)
 .text.Chip_Clock_GetIntOscRate
                0x000007ac       0x10 /mnt/hgfs/P/LPCXpresso/workspace/lpc_chip_8xx/Debug/liblpc_chip_8xx.a(clock_8xx.o)
 .text.Chip_Clock_GetExtClockInRate
                0x000007bc       0x14 /mnt/hgfs/P/LPCXpresso/workspace/lpc_chip_8xx/Debug/liblpc_chip_8xx.a(clock_8xx.o)
 .text.Chip_Clock_GetWDTLFORate
                0x000007d0       0x48 /mnt/hgfs/P/LPCXpresso/workspace/lpc_chip_8xx/Debug/liblpc_chip_8xx.a(clock_8xx.o)
 .text.Chip_Clock_GetPLLFreq
                0x00000818       0x24 /mnt/hgfs/P/LPCXpresso/workspace/lpc_chip_8xx/Debug/liblpc_chip_8xx.a(clock_8xx.o)
 .text.Chip_Clock_SetSystemPLLSource
                0x0000083c       0x2c /mnt/hgfs/P/LPCXpresso/workspace/lpc_chip_8xx/Debug/liblpc_chip_8xx.a(clock_8xx.o)
                0x0000083c                Chip_Clock_SetSystemPLLSource
 .text.Chip_Clock_SetMainClockSource
                0x00000868       0x2c /mnt/hgfs/P/LPCXpresso/workspace/lpc_chip_8xx/Debug/liblpc_chip_8xx.a(clock_8xx.o)
                0x00000868                Chip_Clock_SetMainClockSource
 .text.Chip_Clock_GetWDTOSCRate
                0x00000894       0x20 /mnt/hgfs/P/LPCXpresso/workspace/lpc_chip_8xx/Debug/liblpc_chip_8xx.a(clock_8xx.o)
                0x00000894                Chip_Clock_GetWDTOSCRate
 .text.Chip_Clock_GetSystemPLLInClockRate
                0x000008b4       0x4c /mnt/hgfs/P/LPCXpresso/workspace/lpc_chip_8xx/Debug/liblpc_chip_8xx.a(clock_8xx.o)
                0x000008b4                Chip_Clock_GetSystemPLLInClockRate
 .text.Chip_Clock_GetSystemPLLOutClockRate
                0x00000900       0x28 /mnt/hgfs/P/LPCXpresso/workspace/lpc_chip_8xx/Debug/liblpc_chip_8xx.a(clock_8xx.o)
                0x00000900                Chip_Clock_GetSystemPLLOutClockRate
 .text.Chip_Clock_GetMainClockRate
                0x00000928       0x60 /mnt/hgfs/P/LPCXpresso/workspace/lpc_chip_8xx/Debug/liblpc_chip_8xx.a(clock_8xx.o)
                0x00000928                Chip_Clock_GetMainClockRate
 .text.Chip_Clock_GetSystemClockRate
                0x00000988       0x24 /mnt/hgfs/P/LPCXpresso/workspace/lpc_chip_8xx/Debug/liblpc_chip_8xx.a(clock_8xx.o)
                0x00000988                Chip_Clock_GetSystemClockRate
 .text.Chip_SetupIrcClocking
                0x000009ac       0x20 /mnt/hgfs/P/LPCXpresso/workspace/lpc_chip_8xx/Debug/liblpc_chip_8xx.a(sysinit_8xx.o)
                0x000009ac                Chip_SetupIrcClocking
 .text.Chip_SystemInit
                0x000009cc       0x10 /mnt/hgfs/P/LPCXpresso/workspace/lpc_chip_8xx/Debug/liblpc_chip_8xx.a(sysinit_8xx.o)
                0x000009cc                Chip_SystemInit
 .text.Chip_Clock_SetupSystemPLL
                0x000009dc       0x38 /mnt/hgfs/P/LPCXpresso/workspace/lpc_chip_8xx/Debug/liblpc_chip_8xx.a(irc_8xx.o)
 .text.Chip_Clock_IsSystemPLLLocked
                0x00000a14       0x1c /mnt/hgfs/P/LPCXpresso/workspace/lpc_chip_8xx/Debug/liblpc_chip_8xx.a(irc_8xx.o)
 .text.Chip_Clock_SetSysClockDiv
                0x00000a30       0x1c /mnt/hgfs/P/LPCXpresso/workspace/lpc_chip_8xx/Debug/liblpc_chip_8xx.a(irc_8xx.o)
 .text.Chip_FMC_SetFLASHAccess
                0x00000a4c       0x2c /mnt/hgfs/P/LPCXpresso/workspace/lpc_chip_8xx/Debug/liblpc_chip_8xx.a(irc_8xx.o)
 .text.pll_config
                0x00000a78       0x6c /mnt/hgfs/P/LPCXpresso/workspace/lpc_chip_8xx/Debug/liblpc_chip_8xx.a(irc_8xx.o)
 .text.Chip_IRC_SetFreq
                0x00000ae4       0xf4 /mnt/hgfs/P/LPCXpresso/workspace/lpc_chip_8xx/Debug/liblpc_chip_8xx.a(irc_8xx.o)
                0x00000ae4                Chip_IRC_SetFreq
 .text.Chip_SYSCTL_PowerDown
                0x00000bd8       0x44 /mnt/hgfs/P/LPCXpresso/workspace/lpc_chip_8xx/Debug/liblpc_chip_8xx.a(syscon_8xx.o)
                0x00000bd8                Chip_SYSCTL_PowerDown
 .text.Chip_SYSCTL_PowerUp
                0x00000c1c       0x48 /mnt/hgfs/P/LPCXpresso/workspace/lpc_chip_8xx/Debug/liblpc_chip_8xx.a(syscon_8xx.o)
                0x00000c1c                Chip_SYSCTL_PowerUp
 .text          0x00000c64      0x114 /usr/local/lpcxpresso_8.2.2_650/lpcxpresso/tools/bin/../lib/gcc/arm-none-eabi/5.4.1/armv6-m/libgcc.a(_udivsi3.o)
                0x00000c64                __udivsi3
                0x00000c64                __aeabi_uidiv
                0x00000d70                __aeabi_uidivmod
 .text          0x00000d78        0x4 /usr/local/lpcxpresso_8.2.2_650/lpcxpresso/tools/bin/../lib/gcc/arm-none-eabi/5.4.1/armv6-m/libgcc.a(_dvmd_tls.o)
                0x00000d78                __aeabi_ldiv0
                0x00000d78                __aeabi_idiv0
 .text.__libc_init_array
                0x00000d7c       0x48 /usr/local/lpcxpresso_8.2.2_650/lpcxpresso/tools/bin/../lib/gcc/arm-none-eabi/5.4.1/../../../../arm-none-eabi/lib/armv6-m/libc.a(lib_a-init.o)
                0x00000d7c                __libc_init_array
 .text          0x00000dc4       0x60 /usr/local/lpcxpresso_8.2.2_650/lpcxpresso/tools/bin/../lib/gcc/arm-none-eabi/5.4.1/armv6-m/crtbegin.o
 *(.rodata .rodata.* .constdata .constdata.*)
 .rodata.OscRateIn
                0x00000e24        0x4 ./src/sysinit.o
                0x00000e24                OscRateIn
 .rodata.ExtRateIn
                0x00000e28        0x4 ./src/sysinit.o
                0x00000e28                ExtRateIn
 .rodata.wdtOSCRate
                0x00000e2c       0x40 /mnt/hgfs/P/LPCXpresso/workspace/lpc_chip_8xx/Debug/liblpc_chip_8xx.a(clock_8xx.o)
 .rodata.config_tab
                0x00000e6c      0x354 /mnt/hgfs/P/LPCXpresso/workspace/lpc_chip_8xx/Debug/liblpc_chip_8xx.a(irc_8xx.o)
                0x000011c0                . = ALIGN (0x4)
                0x000011c0                . = ALIGN (0x4)
 *(.init)
 .init          0x000011c0        0x4 /usr/local/lpcxpresso_8.2.2_650/lpcxpresso/tools/bin/../lib/gcc/arm-none-eabi/5.4.1/armv6-m/crti.o
                0x000011c0                _init
 .init          0x000011c4        0x8 /usr/local/lpcxpresso_8.2.2_650/lpcxpresso/tools/bin/../lib/gcc/arm-none-eabi/5.4.1/armv6-m/crtn.o
                0x000011cc                . = ALIGN (0x4)
                0x000011cc                __preinit_array_start = .
 *(.preinit_array)
                0x000011cc                __preinit_array_end = .
                0x000011cc                . = ALIGN (0x4)
                0x000011cc                __init_array_start = .
 *(SORT(.init_array.*))
 *(.init_array)
 .init_array    0x000011cc        0x4 /usr/local/lpcxpresso_8.2.2_650/lpcxpresso/tools/bin/../lib/gcc/arm-none-eabi/5.4.1/armv6-m/crtbegin.o
                0x000011d0                __init_array_end = .
 *(.fini)
 .fini          0x000011d0        0x4 /usr/local/lpcxpresso_8.2.2_650/lpcxpresso/tools/bin/../lib/gcc/arm-none-eabi/5.4.1/armv6-m/crti.o
                0x000011d0                _fini
 .fini          0x000011d4        0x8 /usr/local/lpcxpresso_8.2.2_650/lpcxpresso/tools/bin/../lib/gcc/arm-none-eabi/5.4.1/armv6-m/crtn.o
                0x000011dc                . = ALIGN (0x4)
 *crtbegin.o(.ctors)
 *(EXCLUDE_FILE(*crtend.o) .ctors)
 *(SORT(.ctors.*))
 *crtend.o(.ctors)
                0x000011dc                . = ALIGN (0x4)
 *crtbegin.o(.dtors)
 *(EXCLUDE_FILE(*crtend.o) .dtors)
 *(SORT(.dtors.*))
 *crtend.o(.dtors)
                0x000011dc                . = ALIGN (0x4)

.glue_7         0x000011dc        0x0
 .glue_7        0x000011dc        0x0 linker stubs

.glue_7t        0x000011dc        0x0
 .glue_7t       0x000011dc        0x0 linker stubs

.vfp11_veneer   0x000011dc        0x0
 .vfp11_veneer  0x000011dc        0x0 linker stubs

.v4_bx          0x000011dc        0x0
 .v4_bx         0x000011dc        0x0 linker stubs

.iplt           0x000011dc        0x0
 .iplt          0x000011dc        0x0 ./src/TemperatureMonitoring.o

.rel.dyn        0x000011dc        0x0
 .rel.iplt      0x000011dc        0x0 ./src/TemperatureMonitoring.o

.eh_frame       0x000011dc        0x0
 .eh_frame      0x000011dc        0x0 /usr/local/lpcxpresso_8.2.2_650/lpcxpresso/tools/bin/../lib/gcc/arm-none-eabi/5.4.1/armv6-m/crtbegin.o

.ARM.extab
 *(.ARM.extab* .gnu.linkonce.armextab.*)
                0x000011dc                __exidx_start = .

.ARM.exidx
 *(.ARM.exidx* .gnu.linkonce.armexidx.*)
                0x000011dc                __exidx_end = .
                0x000011dc                _etext = .

.mtb_buffer_default
                0x10000000      0x100
 *(.mtb*)
 .mtb.$RAM1     0x10000000      0x100 ./src/mtb.o
                0x10000000                __mtb_buffer__

.uninit_RESERVED
                0x10000100        0x0
 *(.bss.$RESERVED*)
                0x10000100                . = ALIGN (0x4)
                0x10000100                _end_uninit_RESERVED = .

.data           0x10000100       0x10 load address 0x000011dc
 FILL mask 0xff
                0x10000100                _data = .
 *(vtable)
 *(.ramfunc*)
 *(.data*)
 .data._ZL13disp_msg_data
                0x10000100        0xa ./src/display.o
 *fill*         0x1000010a        0x2 ff
 .data._ZL17disp_last_message
                0x1000010c        0x4 ./src/display.o
                0x10000110                . = ALIGN (0x4)
                0x10000110                _edata = .

.igot.plt       0x10000110        0x0 load address 0x000011ec
 .igot.plt      0x10000110        0x0 ./src/TemperatureMonitoring.o

.jcr            0x10000110        0x0 load address 0x000011ec
 .jcr           0x10000110        0x0 /usr/local/lpcxpresso_8.2.2_650/lpcxpresso/tools/bin/../lib/gcc/arm-none-eabi/5.4.1/armv6-m/crtbegin.o

.bss            0x10000110       0x24 load address 0x000011ec
                0x10000110                _bss = .
 *(.bss*)
 .bss.config_tab_idx
                0x10000110        0x2 /mnt/hgfs/P/LPCXpresso/workspace/lpc_chip_8xx/Debug/liblpc_chip_8xx.a(irc_8xx.o)
 *fill*         0x10000112        0x2 
 .bss           0x10000114       0x1c /usr/local/lpcxpresso_8.2.2_650/lpcxpresso/tools/bin/../lib/gcc/arm-none-eabi/5.4.1/armv6-m/crtbegin.o
 *(COMMON)
 COMMON         0x10000130        0x4 /mnt/hgfs/P/LPCXpresso/workspace/lpc_chip_8xx/Debug/liblpc_chip_8xx.a(chip_8xx.o)
                0x10000130                SystemCoreClock
                0x10000134                . = ALIGN (0x4)
                0x10000134                _ebss = .
                [!provide]                PROVIDE (end, .)

.noinit         0x10000134        0x0 load address 0x000011ec
                0x10000134                _noinit = .
 *(.noinit*)
                0x10000134                . = ALIGN (0x4)
                0x10000134                _end_noinit = .
                0x10000134                PROVIDE (_pvHeapStart, DEFINED (__user_heap_base)?__user_heap_base:.)
                0x10001000                PROVIDE (_vStackTop, DEFINED (__user_stack_top)?__user_stack_top:(__top_RamLoc4 - 0x0))
                0xefffeb15                PROVIDE (__valid_user_code_checksum, (0x0 - (((_vStackTop + (ResetISR + 0x1)) + (DEFINED (NMI_Handler)?NMI_Handler:M0_NMI_Handler + 0x1)) + (DEFINED (HardFault_Handler)?HardFault_Handler:M0_HardFault_Handler + 0x1))))
OUTPUT(SQAT_embedded_TM.axf elf32-littlearm)

.debug_info     0x00000000     0x38da
 .debug_info    0x00000000      0x124 ./src/TemperatureMonitoring.o
 .debug_info    0x00000124      0x20b ./src/cr_startup_lpc8xx.o
 .debug_info    0x0000032f       0x3f ./src/crp.o
 .debug_info    0x0000036e      0x209 ./src/display.o
 .debug_info    0x00000577      0x811 ./src/i2c.o
 .debug_info    0x00000d88       0x51 ./src/mtb.o
 .debug_info    0x00000dd9      0x493 ./src/swm.o
 .debug_info    0x0000126c       0xd3 ./src/sysinit.o
 .debug_info    0x0000133f      0x185 ./src/tm.o
 .debug_info    0x000014c4       0xcd /mnt/hgfs/P/LPCXpresso/workspace/lpc_chip_8xx/Debug/liblpc_chip_8xx.a(chip_8xx.o)
 .debug_info    0x00001591      0xa81 /mnt/hgfs/P/LPCXpresso/workspace/lpc_chip_8xx/Debug/liblpc_chip_8xx.a(clock_8xx.o)
 .debug_info    0x00002012      0x5ea /mnt/hgfs/P/LPCXpresso/workspace/lpc_chip_8xx/Debug/liblpc_chip_8xx.a(sysinit_8xx.o)
 .debug_info    0x000025fc      0xe4f /mnt/hgfs/P/LPCXpresso/workspace/lpc_chip_8xx/Debug/liblpc_chip_8xx.a(irc_8xx.o)
 .debug_info    0x0000344b      0x48f /mnt/hgfs/P/LPCXpresso/workspace/lpc_chip_8xx/Debug/liblpc_chip_8xx.a(syscon_8xx.o)

.debug_abbrev   0x00000000      0xdf2
 .debug_abbrev  0x00000000       0xad ./src/TemperatureMonitoring.o
 .debug_abbrev  0x000000ad       0xe0 ./src/cr_startup_lpc8xx.o
 .debug_abbrev  0x0000018d       0x36 ./src/crp.o
 .debug_abbrev  0x000001c3      0x101 ./src/display.o
 .debug_abbrev  0x000002c4      0x1c6 ./src/i2c.o
 .debug_abbrev  0x0000048a       0x41 ./src/mtb.o
 .debug_abbrev  0x000004cb       0xc8 ./src/swm.o
 .debug_abbrev  0x00000593       0x6a ./src/sysinit.o
 .debug_abbrev  0x000005fd      0x104 ./src/tm.o
 .debug_abbrev  0x00000701       0x7b /mnt/hgfs/P/LPCXpresso/workspace/lpc_chip_8xx/Debug/liblpc_chip_8xx.a(chip_8xx.o)
 .debug_abbrev  0x0000077c      0x272 /mnt/hgfs/P/LPCXpresso/workspace/lpc_chip_8xx/Debug/liblpc_chip_8xx.a(clock_8xx.o)
 .debug_abbrev  0x000009ee      0x141 /mnt/hgfs/P/LPCXpresso/workspace/lpc_chip_8xx/Debug/liblpc_chip_8xx.a(sysinit_8xx.o)
 .debug_abbrev  0x00000b2f      0x1f5 /mnt/hgfs/P/LPCXpresso/workspace/lpc_chip_8xx/Debug/liblpc_chip_8xx.a(irc_8xx.o)
 .debug_abbrev  0x00000d24       0xce /mnt/hgfs/P/LPCXpresso/workspace/lpc_chip_8xx/Debug/liblpc_chip_8xx.a(syscon_8xx.o)

.debug_aranges  0x00000000      0x3b8
 .debug_aranges
                0x00000000       0x20 ./src/TemperatureMonitoring.o
 .debug_aranges
                0x00000020       0x60 ./src/cr_startup_lpc8xx.o
 .debug_aranges
                0x00000080       0x18 ./src/crp.o
 .debug_aranges
                0x00000098       0x48 ./src/display.o
 .debug_aranges
                0x000000e0       0x58 ./src/i2c.o
 .debug_aranges
                0x00000138       0x18 ./src/mtb.o
 .debug_aranges
                0x00000150       0x20 ./src/swm.o
 .debug_aranges
                0x00000170       0x20 ./src/sysinit.o
 .debug_aranges
                0x00000190       0x38 ./src/tm.o
 .debug_aranges
                0x000001c8       0x20 /mnt/hgfs/P/LPCXpresso/workspace/lpc_chip_8xx/Debug/liblpc_chip_8xx.a(chip_8xx.o)
 .debug_aranges
                0x000001e8       0xf0 /mnt/hgfs/P/LPCXpresso/workspace/lpc_chip_8xx/Debug/liblpc_chip_8xx.a(clock_8xx.o)
 .debug_aranges
                0x000002d8       0x50 /mnt/hgfs/P/LPCXpresso/workspace/lpc_chip_8xx/Debug/liblpc_chip_8xx.a(sysinit_8xx.o)
 .debug_aranges
                0x00000328       0x58 /mnt/hgfs/P/LPCXpresso/workspace/lpc_chip_8xx/Debug/liblpc_chip_8xx.a(irc_8xx.o)
 .debug_aranges
                0x00000380       0x38 /mnt/hgfs/P/LPCXpresso/workspace/lpc_chip_8xx/Debug/liblpc_chip_8xx.a(syscon_8xx.o)

.debug_ranges   0x00000000      0x2c8
 .debug_ranges  0x00000000       0x10 ./src/TemperatureMonitoring.o
 .debug_ranges  0x00000010       0x50 ./src/cr_startup_lpc8xx.o
 .debug_ranges  0x00000060       0x38 ./src/display.o
 .debug_ranges  0x00000098       0x48 ./src/i2c.o
 .debug_ranges  0x000000e0       0x10 ./src/swm.o
 .debug_ranges  0x000000f0       0x10 ./src/sysinit.o
 .debug_ranges  0x00000100       0x28 ./src/tm.o
 .debug_ranges  0x00000128       0x10 /mnt/hgfs/P/LPCXpresso/workspace/lpc_chip_8xx/Debug/liblpc_chip_8xx.a(chip_8xx.o)
 .debug_ranges  0x00000138       0xe0 /mnt/hgfs/P/LPCXpresso/workspace/lpc_chip_8xx/Debug/liblpc_chip_8xx.a(clock_8xx.o)
 .debug_ranges  0x00000218       0x40 /mnt/hgfs/P/LPCXpresso/workspace/lpc_chip_8xx/Debug/liblpc_chip_8xx.a(sysinit_8xx.o)
 .debug_ranges  0x00000258       0x48 /mnt/hgfs/P/LPCXpresso/workspace/lpc_chip_8xx/Debug/liblpc_chip_8xx.a(irc_8xx.o)
 .debug_ranges  0x000002a0       0x28 /mnt/hgfs/P/LPCXpresso/workspace/lpc_chip_8xx/Debug/liblpc_chip_8xx.a(syscon_8xx.o)

.debug_macro    0x00000000     0x4ff3
 .debug_macro   0x00000000      0x240 ./src/TemperatureMonitoring.o
 .debug_macro   0x00000240      0x86e ./src/TemperatureMonitoring.o
 .debug_macro   0x00000aae       0x22 ./src/TemperatureMonitoring.o
 .debug_macro   0x00000ad0       0x87 ./src/TemperatureMonitoring.o
 .debug_macro   0x00000b57       0x44 ./src/TemperatureMonitoring.o
 .debug_macro   0x00000b9b       0xfd ./src/TemperatureMonitoring.o
 .debug_macro   0x00000c98       0x5e ./src/TemperatureMonitoring.o
 .debug_macro   0x00000cf6      0x1df ./src/TemperatureMonitoring.o
 .debug_macro   0x00000ed5       0x28 ./src/TemperatureMonitoring.o
 .debug_macro   0x00000efd       0x7b ./src/TemperatureMonitoring.o
 .debug_macro   0x00000f78       0x10 ./src/TemperatureMonitoring.o
 .debug_macro   0x00000f88       0x28 ./src/TemperatureMonitoring.o
 .debug_macro   0x00000fb0       0x3a ./src/TemperatureMonitoring.o
 .debug_macro   0x00000fea       0x1f ./src/TemperatureMonitoring.o
 .debug_macro   0x00001009      0x250 ./src/TemperatureMonitoring.o
 .debug_macro   0x00001259      0x145 ./src/TemperatureMonitoring.o
 .debug_macro   0x0000139e       0xca ./src/TemperatureMonitoring.o
 .debug_macro   0x00001468       0x6a ./src/TemperatureMonitoring.o
 .debug_macro   0x000014d2       0x70 ./src/TemperatureMonitoring.o
 .debug_macro   0x00001542       0x28 ./src/TemperatureMonitoring.o
 .debug_macro   0x0000156a      0x190 ./src/TemperatureMonitoring.o
 .debug_macro   0x000016fa       0x24 ./src/TemperatureMonitoring.o
 .debug_macro   0x0000171e       0x64 ./src/TemperatureMonitoring.o
 .debug_macro   0x00001782       0x10 ./src/TemperatureMonitoring.o
 .debug_macro   0x00001792       0x22 ./src/TemperatureMonitoring.o
 .debug_macro   0x000017b4       0xb2 ./src/TemperatureMonitoring.o
 .debug_macro   0x00001866       0x58 ./src/TemperatureMonitoring.o
 .debug_macro   0x000018be       0x58 ./src/TemperatureMonitoring.o
 .debug_macro   0x00001916       0x6a ./src/TemperatureMonitoring.o
 .debug_macro   0x00001980       0x82 ./src/TemperatureMonitoring.o
 .debug_macro   0x00001a02       0x16 ./src/TemperatureMonitoring.o
 .debug_macro   0x00001a18      0x131 ./src/TemperatureMonitoring.o
 .debug_macro   0x00001b49       0x22 ./src/TemperatureMonitoring.o
 .debug_macro   0x00001b6b       0x52 ./src/TemperatureMonitoring.o
 .debug_macro   0x00001bbd      0x181 ./src/TemperatureMonitoring.o
 .debug_macro   0x00001d3e      0x289 ./src/TemperatureMonitoring.o
 .debug_macro   0x00001fc7      0x28b ./src/TemperatureMonitoring.o
 .debug_macro   0x00002252       0x2e ./src/TemperatureMonitoring.o
 .debug_macro   0x00002280       0x22 ./src/TemperatureMonitoring.o
 .debug_macro   0x000022a2       0x82 ./src/TemperatureMonitoring.o
 .debug_macro   0x00002324       0x22 ./src/TemperatureMonitoring.o
 .debug_macro   0x00002346       0x28 ./src/TemperatureMonitoring.o
 .debug_macro   0x0000236e       0x1d ./src/cr_startup_lpc8xx.o
 .debug_macro   0x0000238b       0x1a ./src/crp.o
 .debug_macro   0x000023a5      0x856 ./src/crp.o
 .debug_macro   0x00002bfb       0x34 ./src/crp.o
 .debug_macro   0x00002c2f       0x35 ./src/display.o
 .debug_macro   0x00002c64       0x16 ./src/display.o
 .debug_macro   0x00002c7a      0x106 ./src/display.o
 .debug_macro   0x00002d80      0x216 ./src/i2c.o
 .debug_macro   0x00002f96       0x87 ./src/i2c.o
 .debug_macro   0x0000301d       0x22 ./src/i2c.o
 .debug_macro   0x0000303f      0x250 ./src/i2c.o
 .debug_macro   0x0000328f       0x29 ./src/mtb.o
 .debug_macro   0x000032b8       0x10 ./src/mtb.o
 .debug_macro   0x000032c8      0x211 ./src/swm.o
 .debug_macro   0x000034d9      0x207 ./src/sysinit.o
 .debug_macro   0x000036e0       0x46 ./src/tm.o
 .debug_macro   0x00003726      0x1e0 /mnt/hgfs/P/LPCXpresso/workspace/lpc_chip_8xx/Debug/liblpc_chip_8xx.a(chip_8xx.o)
 .debug_macro   0x00003906      0x838 /mnt/hgfs/P/LPCXpresso/workspace/lpc_chip_8xx/Debug/liblpc_chip_8xx.a(chip_8xx.o)
 .debug_macro   0x0000413e       0x10 /mnt/hgfs/P/LPCXpresso/workspace/lpc_chip_8xx/Debug/liblpc_chip_8xx.a(chip_8xx.o)
 .debug_macro   0x0000414e      0x12d /mnt/hgfs/P/LPCXpresso/workspace/lpc_chip_8xx/Debug/liblpc_chip_8xx.a(chip_8xx.o)
 .debug_macro   0x0000427b      0x5b2 /mnt/hgfs/P/LPCXpresso/workspace/lpc_chip_8xx/Debug/liblpc_chip_8xx.a(chip_8xx.o)
 .debug_macro   0x0000482d       0x22 /mnt/hgfs/P/LPCXpresso/workspace/lpc_chip_8xx/Debug/liblpc_chip_8xx.a(chip_8xx.o)
 .debug_macro   0x0000484f      0x1e0 /mnt/hgfs/P/LPCXpresso/workspace/lpc_chip_8xx/Debug/liblpc_chip_8xx.a(clock_8xx.o)
 .debug_macro   0x00004a2f      0x1ec /mnt/hgfs/P/LPCXpresso/workspace/lpc_chip_8xx/Debug/liblpc_chip_8xx.a(sysinit_8xx.o)
 .debug_macro   0x00004c1b      0x1e0 /mnt/hgfs/P/LPCXpresso/workspace/lpc_chip_8xx/Debug/liblpc_chip_8xx.a(irc_8xx.o)
 .debug_macro   0x00004dfb      0x1f8 /mnt/hgfs/P/LPCXpresso/workspace/lpc_chip_8xx/Debug/liblpc_chip_8xx.a(syscon_8xx.o)

.debug_line     0x00000000     0x2d1a
 .debug_line    0x00000000      0x50f ./src/TemperatureMonitoring.o
 .debug_line    0x0000050f       0xb8 ./src/cr_startup_lpc8xx.o
 .debug_line    0x000005c7       0x81 ./src/crp.o
 .debug_line    0x00000648      0x13c ./src/display.o
 .debug_line    0x00000784      0x5f5 ./src/i2c.o
 .debug_line    0x00000d79       0x9e ./src/mtb.o
 .debug_line    0x00000e17      0x496 ./src/swm.o
 .debug_line    0x000012ad      0x452 ./src/sysinit.o
 .debug_line    0x000016ff       0xdd ./src/tm.o
 .debug_line    0x000017dc      0x37a /mnt/hgfs/P/LPCXpresso/workspace/lpc_chip_8xx/Debug/liblpc_chip_8xx.a(chip_8xx.o)
 .debug_line    0x00001b56      0x5c9 /mnt/hgfs/P/LPCXpresso/workspace/lpc_chip_8xx/Debug/liblpc_chip_8xx.a(clock_8xx.o)
 .debug_line    0x0000211f      0x402 /mnt/hgfs/P/LPCXpresso/workspace/lpc_chip_8xx/Debug/liblpc_chip_8xx.a(sysinit_8xx.o)
 .debug_line    0x00002521      0x442 /mnt/hgfs/P/LPCXpresso/workspace/lpc_chip_8xx/Debug/liblpc_chip_8xx.a(irc_8xx.o)
 .debug_line    0x00002963      0x3b7 /mnt/hgfs/P/LPCXpresso/workspace/lpc_chip_8xx/Debug/liblpc_chip_8xx.a(syscon_8xx.o)

.debug_str      0x00000000     0xd03c
 .debug_str     0x00000000     0x9692 ./src/TemperatureMonitoring.o
                               0x9819 (size before relaxing)
 .debug_str     0x00009692      0x197 ./src/cr_startup_lpc8xx.o
                               0x25e6 (size before relaxing)
 .debug_str     0x00009829      0x2bc ./src/crp.o
                               0x24ca (size before relaxing)
 .debug_str     0x00009ae5      0x443 ./src/display.o
                               0x29e3 (size before relaxing)
 .debug_str     0x00009f28      0x3fd ./src/i2c.o
                               0x963a (size before relaxing)
 .debug_str     0x0000a325       0xd0 ./src/mtb.o
                               0x28fb (size before relaxing)
 .debug_str     0x0000a3f5       0x62 ./src/swm.o
                               0x94d2 (size before relaxing)
 .debug_str     0x0000a457       0x11 ./src/sysinit.o
                               0x91fd (size before relaxing)
 .debug_str     0x0000a468      0x111 ./src/tm.o
                               0x26ee (size before relaxing)
 .debug_str     0x0000a579     0x1815 /mnt/hgfs/P/LPCXpresso/workspace/lpc_chip_8xx/Debug/liblpc_chip_8xx.a(chip_8xx.o)
                               0x9a38 (size before relaxing)
 .debug_str     0x0000bd8e      0x7e0 /mnt/hgfs/P/LPCXpresso/workspace/lpc_chip_8xx/Debug/liblpc_chip_8xx.a(clock_8xx.o)
                               0xa404 (size before relaxing)
 .debug_str     0x0000c56e      0x161 /mnt/hgfs/P/LPCXpresso/workspace/lpc_chip_8xx/Debug/liblpc_chip_8xx.a(sysinit_8xx.o)
                               0x9e6c (size before relaxing)
 .debug_str     0x0000c6cf      0x859 /mnt/hgfs/P/LPCXpresso/workspace/lpc_chip_8xx/Debug/liblpc_chip_8xx.a(irc_8xx.o)
                               0xa678 (size before relaxing)
 .debug_str     0x0000cf28      0x114 /mnt/hgfs/P/LPCXpresso/workspace/lpc_chip_8xx/Debug/liblpc_chip_8xx.a(syscon_8xx.o)
                               0x9d28 (size before relaxing)

.comment        0x00000000       0x6e
 .comment       0x00000000       0x6e ./src/TemperatureMonitoring.o
                                 0x6f (size before relaxing)
 .comment       0x0000006e       0x6f ./src/cr_startup_lpc8xx.o
 .comment       0x0000006e       0x6f ./src/crp.o
 .comment       0x0000006e       0x6f ./src/display.o
 .comment       0x0000006e       0x6f ./src/i2c.o
 .comment       0x0000006e       0x6f ./src/mtb.o
 .comment       0x0000006e       0x6f ./src/swm.o
 .comment       0x0000006e       0x6f ./src/sysinit.o
 .comment       0x0000006e       0x6f ./src/tm.o
 .comment       0x0000006e       0x6f /mnt/hgfs/P/LPCXpresso/workspace/lpc_chip_8xx/Debug/liblpc_chip_8xx.a(chip_8xx.o)
 .comment       0x0000006e       0x6f /mnt/hgfs/P/LPCXpresso/workspace/lpc_chip_8xx/Debug/liblpc_chip_8xx.a(clock_8xx.o)
 .comment       0x0000006e       0x6f /mnt/hgfs/P/LPCXpresso/workspace/lpc_chip_8xx/Debug/liblpc_chip_8xx.a(sysinit_8xx.o)
 .comment       0x0000006e       0x6f /mnt/hgfs/P/LPCXpresso/workspace/lpc_chip_8xx/Debug/liblpc_chip_8xx.a(irc_8xx.o)
 .comment       0x0000006e       0x6f /mnt/hgfs/P/LPCXpresso/workspace/lpc_chip_8xx/Debug/liblpc_chip_8xx.a(syscon_8xx.o)

.ARM.attributes
                0x00000000       0x31
 .ARM.attributes
                0x00000000       0x31 ./src/TemperatureMonitoring.o
 .ARM.attributes
                0x00000031       0x31 ./src/cr_startup_lpc8xx.o
 .ARM.attributes
                0x00000062       0x31 ./src/crp.o
 .ARM.attributes
                0x00000093       0x31 ./src/display.o
 .ARM.attributes
                0x000000c4       0x31 ./src/i2c.o
 .ARM.attributes
                0x000000f5       0x31 ./src/mtb.o
 .ARM.attributes
                0x00000126       0x31 ./src/swm.o
 .ARM.attributes
                0x00000157       0x31 ./src/sysinit.o
 .ARM.attributes
                0x00000188       0x31 ./src/tm.o
 .ARM.attributes
                0x000001b9       0x31 /mnt/hgfs/P/LPCXpresso/workspace/lpc_chip_8xx/Debug/liblpc_chip_8xx.a(chip_8xx.o)
 .ARM.attributes
                0x000001ea       0x31 /mnt/hgfs/P/LPCXpresso/workspace/lpc_chip_8xx/Debug/liblpc_chip_8xx.a(clock_8xx.o)
 .ARM.attributes
                0x0000021b       0x31 /mnt/hgfs/P/LPCXpresso/workspace/lpc_chip_8xx/Debug/liblpc_chip_8xx.a(sysinit_8xx.o)
 .ARM.attributes
                0x0000024c       0x31 /mnt/hgfs/P/LPCXpresso/workspace/lpc_chip_8xx/Debug/liblpc_chip_8xx.a(irc_8xx.o)
 .ARM.attributes
                0x0000027d       0x31 /mnt/hgfs/P/LPCXpresso/workspace/lpc_chip_8xx/Debug/liblpc_chip_8xx.a(syscon_8xx.o)
 .ARM.attributes
                0x000002ae       0x1e /usr/local/lpcxpresso_8.2.2_650/lpcxpresso/tools/bin/../lib/gcc/arm-none-eabi/5.4.1/armv6-m/libgcc.a(_udivsi3.o)
 .ARM.attributes
                0x000002cc       0x1e /usr/local/lpcxpresso_8.2.2_650/lpcxpresso/tools/bin/../lib/gcc/arm-none-eabi/5.4.1/armv6-m/libgcc.a(_dvmd_tls.o)
 .ARM.attributes
                0x000002ea       0x2c /usr/local/lpcxpresso_8.2.2_650/lpcxpresso/tools/bin/../lib/gcc/arm-none-eabi/5.4.1/../../../../arm-none-eabi/lib/armv6-m/libc.a(lib_a-init.o)
 .ARM.attributes
                0x00000316       0x1e /usr/local/lpcxpresso_8.2.2_650/lpcxpresso/tools/bin/../lib/gcc/arm-none-eabi/5.4.1/armv6-m/crti.o
 .ARM.attributes
                0x00000334       0x1e /usr/local/lpcxpresso_8.2.2_650/lpcxpresso/tools/bin/../lib/gcc/arm-none-eabi/5.4.1/armv6-m/crtn.o
 .ARM.attributes
                0x00000352       0x2c /usr/local/lpcxpresso_8.2.2_650/lpcxpresso/tools/bin/../lib/gcc/arm-none-eabi/5.4.1/armv6-m/crtbegin.o

.debug_frame    0x00000000      0xa44
 .debug_frame   0x00000000       0x30 ./src/TemperatureMonitoring.o
 .debug_frame   0x00000030      0x118 ./src/cr_startup_lpc8xx.o
 .debug_frame   0x00000148       0xd0 ./src/display.o
 .debug_frame   0x00000218      0x108 ./src/i2c.o
 .debug_frame   0x00000320       0x30 ./src/swm.o
 .debug_frame   0x00000350       0x2c ./src/sysinit.o
 .debug_frame   0x0000037c       0x84 ./src/tm.o
 .debug_frame   0x00000400       0x2c /mnt/hgfs/P/LPCXpresso/workspace/lpc_chip_8xx/Debug/liblpc_chip_8xx.a(chip_8xx.o)
 .debug_frame   0x0000042c      0x354 /mnt/hgfs/P/LPCXpresso/workspace/lpc_chip_8xx/Debug/liblpc_chip_8xx.a(clock_8xx.o)
 .debug_frame   0x00000780       0xe0 /mnt/hgfs/P/LPCXpresso/workspace/lpc_chip_8xx/Debug/liblpc_chip_8xx.a(sysinit_8xx.o)
 .debug_frame   0x00000860      0x108 /mnt/hgfs/P/LPCXpresso/workspace/lpc_chip_8xx/Debug/liblpc_chip_8xx.a(irc_8xx.o)
 .debug_frame   0x00000968       0x90 /mnt/hgfs/P/LPCXpresso/workspace/lpc_chip_8xx/Debug/liblpc_chip_8xx.a(syscon_8xx.o)
 .debug_frame   0x000009f8       0x20 /usr/local/lpcxpresso_8.2.2_650/lpcxpresso/tools/bin/../lib/gcc/arm-none-eabi/5.4.1/armv6-m/libgcc.a(_udivsi3.o)
 .debug_frame   0x00000a18       0x2c /usr/local/lpcxpresso_8.2.2_650/lpcxpresso/tools/bin/../lib/gcc/arm-none-eabi/5.4.1/../../../../arm-none-eabi/lib/armv6-m/libc.a(lib_a-init.o)
